// Jest Snapshot v1, https://goo.gl/fbAQLP

exports[`Persona renders Persona correctly with image 1`] = `
<div
  className="ms-Persona ms-Persona--size48 undefined"
  size={13}
  style={undefined}
>
  <div
    className="ms-Persona-coin ms-Persona--size48 undefined"
    size={13}
  >
    <div
      className="ms-Persona-imageArea"
      style={undefined}
    >
      <div
        className=
            ms-Image
            ms-Persona-image
            {
              overflow: hidden;
            }
        style={
          Object {
            "height": 48,
            "width": 48,
          }
        }
      >
        <img
          alt=""
          className=
              ms-Image-image
              ms-Image-image--cover
              ms-Image-image--portrait
              is-notLoaded
              is-fadeIn
              {
                display: block;
                height: auto;
                left: 50%;
                opacity: 0;
                position: relative;
                top: 50%;
                transform: translate(-50%,-50%);
                width: 100%;
              }
          onError={[Function]}
          onLoad={[Function]}
          role={undefined}
          src="data:image/png;base64,iVBORw0KGgoAAAANSUhEUgAAAAEAAAABCAYAAAAfFcSJAAAAC0lEQVQImWP4DwQACfsD/eNV8pwAAAAASUVORK5CYII="
        />
      </div>
    </div>
  </div>
  <div
    className="ms-Persona-details"
  >
    <div
      className="ms-Persona-primaryText"
    >
      <div
        aria-describedby={undefined}
        className="ms-TooltipHost"
        onBlurCapture={[Function]}
        onFocusCapture={[Function]}
        onMouseEnter={[Function]}
        onMouseLeave={[Function]}
      >
        Kat Larrson
      </div>
    </div>
    <div
      className="ms-Persona-secondaryText"
    />
    <div
      className="ms-Persona-tertiaryText"
    />
    <div
      className="ms-Persona-optionalText"
    />
  </div>
</div>
`;

exports[`Persona renders Persona correctly with initials 1`] = `
<div
  className="ms-Persona ms-Persona--size48 undefined"
  size={13}
  style={undefined}
>
  <div
    className="ms-Persona-coin ms-Persona--size48 undefined"
    size={13}
  >
    <div
      className="ms-Persona-imageArea"
      style={undefined}
    >
      <div
        aria-hidden="true"
        className=
            ms-Persona-initials
            {
              background-color: #1D1D1D;
            }
        style={undefined}
      >
        <span>
          KL
        </span>
      </div>
      <div
        className=
            ms-Image
            ms-Persona-image
            {
              overflow: hidden;
            }
        style={
          Object {
            "height": 48,
            "width": 48,
          }
        }
      >
        <img
          alt=""
          className=
              ms-Image-image
              ms-Image-image--cover
              ms-Image-image--portrait
              is-notLoaded
              is-fadeIn
              {
                display: block;
                height: auto;
                left: 50%;
                opacity: 0;
                position: relative;
                top: 50%;
                transform: translate(-50%,-50%);
                width: 100%;
              }
          onError={[Function]}
          onLoad={[Function]}
          role={undefined}
          src={undefined}
        />
      </div>
    </div>
  </div>
  <div
    className="ms-Persona-details"
  >
    <div
      className="ms-Persona-primaryText"
    >
      <div
        aria-describedby={undefined}
        className="ms-TooltipHost"
        onBlurCapture={[Function]}
        onFocusCapture={[Function]}
        onMouseEnter={[Function]}
        onMouseLeave={[Function]}
      >
        Kat Larrson
      </div>
    </div>
    <div
      className="ms-Persona-secondaryText"
    />
    <div
      className="ms-Persona-tertiaryText"
    />
    <div
      className="ms-Persona-optionalText"
    />
  </div>
</div>
`;
